export const snapshot = {};

snapshot[`EncodeStream 1`] = `<Buffer a3 66 6f 6f>`;

snapshot[`EncodeStream 2`] = `<Buffer 64>`;

snapshot[`EncodeStream 3`] = `<Buffer 96 a1 61 00 a1 62 01 a1 63 02>`;

snapshot[`EncodeStream 4`] = `<Buffer de 00 02 a3 66 6f 6f a3 62 61 72 a3 62 61 7a a3 71 75 78>`;

snapshot[`encode 1`] = `<Buffer a3 66 6f 6f>`;

snapshot[`encode 2`] = `<Buffer 64>`;

snapshot[`encode 3`] = `<Buffer 96 a1 61 00 a1 62 01 a1 63 02>`;

snapshot[`encode 4`] = `<Buffer de 00 02 a3 66 6f 6f a3 62 61 72 a3 62 61 7a a3 71 75 78>`;
